// Jest Snapshot v1, https://goo.gl/fbAQLP

exports[`ValidateName component renders without crashing 1`] = `
<div
  className="error"
>
  <p>
    <b>
      hello
    </b>
  </p>
</div>
`;
